[
  {
    "number": 4,
    "tool": "osv-scanner",
    "rule_id": "CVE-2026-13697",
    "rule_name": "CVE-2026-13697",
    "severity": "high",
    "created_at": "2026-08-17T09:39:40Z",
    "updated_at": "2026-08-17T09:39:40Z",
    "url": "https://github.com/blixten85/klarsprak/security/code-scanning/4",
    "ref": "refs/heads/main",
    "category": ".github/workflows/osv-scanner.yml:osv-scan",
    "file": "bun.lock",
    "start_line": 1,
    "end_line": 1
  },
  {
    "number": 5,
    "tool": "osv-scanner",
    "rule_id": "CVE-2026-16728",
    "rule_name": "CVE-2026-16728",
    "severity": "medium",
    "created_at": "2026-08-17T09:39:40Z",
    "updated_at": "2026-08-17T09:39:40Z",
    "url": "https://github.com/blixten85/klarsprak/security/code-scanning/5",
    "ref": "refs/heads/main",
    "category": ".github/workflows/osv-scanner.yml:osv-scan",
    "file": "bun.lock",
    "start_line": 1,
    "end_line": 1
  },
  {
    "number": 6,
    "tool": "osv-scanner",
    "rule_id": "CVE-2026-14643",
    "rule_name": "CVE-2026-14643",
    "severity": "medium",
    "created_at": "2026-08-17T09:39:40Z",
    "updated_at": "2026-08-17T09:39:40Z",
    "url": "https://github.com/blixten85/klarsprak/security/code-scanning/6",
    "ref": "refs/heads/main",
    "category": ".github/workflows/osv-scanner.yml:osv-scan",
    "file": "bun.lock",
    "start_line": 1,
    "end_line": 1
  },
  {
    "number": 7,
    "tool": "osv-scanner",
    "rule_id": "CVE-2026-15157",
    "rule_name": "CVE-2026-15157",
    "severity": "medium",
    "created_at": "2026-08-17T09:39:40Z",
    "updated_at": "2026-08-17T09:39:40Z",
    "url": "https://github.com/blixten85/klarsprak/security/code-scanning/7",
    "ref": "refs/heads/main",
    "category": ".github/workflows/osv-scanner.yml:osv-scan",
    "file": "bun.lock",
    "start_line": 1,
    "end_line": 1
  },
  {
    "number": 8,
    "tool": "osv-scanner",
    "rule_id": "CVE-2026-16729",
    "rule_name": "CVE-2026-16729",
    "severity": "medium",
    "created_at": "2026-08-17T09:39:40Z",
    "updated_at": "2026-08-17T09:39:40Z",
    "url": "https://github.com/blixten85/klarsprak/security/code-scanning/8",
    "ref": "refs/heads/main",
    "category": ".github/workflows/osv-scanner.yml:osv-scan",
    "file": "bun.lock",
    "start_line": 1,
    "end_line": 1
  }
]
